Component: ARM Compiler 5.06 update 7 (build 960) Tool: armlink [4d3601]

==============================================================================

Section Cross References

    stm32f10x_gpio.o(.text) refers to stm32f10x_rcc.o(.text) for RCC_APB2PeriphResetCmd
    stm32f10x_i2c.o(.text) refers to stm32f10x_rcc.o(.text) for RCC_APB1PeriphResetCmd
    stm32f10x_rcc.o(.text) refers to stm32f10x_rcc.o(.data) for APBAHBPrescTable
    stm32f10x_tim.o(.text) refers to stm32f10x_rcc.o(.text) for RCC_APB2PeriphResetCmd
    stm32f10x_usart.o(.text) refers to stm32f10x_rcc.o(.text) for RCC_APB2PeriphResetCmd
    stm32f10x_adc.o(.text) refers to stm32f10x_rcc.o(.text) for RCC_APB2PeriphResetCmd
    stm32f10x_bkp.o(.text) refers to stm32f10x_rcc.o(.text) for RCC_BackupResetCmd
    stm32f10x_can.o(.text) refers to stm32f10x_rcc.o(.text) for RCC_APB1PeriphResetCmd
    stm32f10x_cec.o(.text) refers to stm32f10x_rcc.o(.text) for RCC_APB1PeriphResetCmd
    stm32f10x_dac.o(.text) refers to stm32f10x_rcc.o(.text) for RCC_APB1PeriphResetCmd
    stm32f10x_pwr.o(.text) refers to stm32f10x_rcc.o(.text) for RCC_APB1PeriphResetCmd
    stm32f10x_spi.o(.text) refers to stm32f10x_rcc.o(.text) for RCC_APB2PeriphResetCmd
    stm32f10x_wwdg.o(.text) refers to stm32f10x_rcc.o(.text) for RCC_APB1PeriphResetCmd
    system_stm32f10x.o(.text) refers to system_stm32f10x.o(.data) for SystemCoreClock
    i2c.o(.text) refers to stm32f10x_rcc.o(.text) for RCC_APB2PeriphClockCmd
    i2c.o(.text) refers to stm32f10x_gpio.o(.text) for GPIO_Init
    i2c_mpu6050.o(.text) refers to stm32f10x_rcc.o(.text) for RCC_APB2PeriphClockCmd
    i2c_mpu6050.o(.text) refers to stm32f10x_gpio.o(.text) for GPIO_PinRemapConfig
    i2c_mpu6050.o(.text) refers to stm32f10x_i2c.o(.text) for I2C_Init
    i2c_mpu6050.o(.text) refers to delay.o(.text) for delay_ms
    led.o(.text) refers to stm32f10x_rcc.o(.text) for RCC_APB2PeriphClockCmd
    led.o(.text) refers to stm32f10x_gpio.o(.text) for GPIO_PinRemapConfig
    main.o(.text) refers to system_stm32f10x.o(.text) for SystemInit
    main.o(.text) refers to timer.o(.text) for Timerx_Init
    main.o(.text) refers to ultrasonicwave.o(.text) for UltrasonicWave_Configuration
    main.o(.text) refers to usart.o(.text) for USART1_Config
    main.o(.text) refers to motor.o(.text) for TIM2_PWM_Init
    main.o(.text) refers to led.o(.text) for LED_GPIO_Config
    main.o(.text) refers to adc.o(.text) for Adc_Init
    main.o(.text) refers to i2c.o(.text) for i2cInit
    main.o(.text) refers to upstandingcar.o(.text) for delay_nms
    main.o(.text) refers to mpu6050.o(.text) for MPU6050_Init
    main.o(.text) refers to systick.o(.text) for SysTick_Init
    main.o(.text) refers to fflti.o(.text) for __aeabi_i2f
    main.o(.text) refers to f2d.o(.text) for __aeabi_f2d
    main.o(.text) refers to printfa.o(i.__0printf) for __2printf
    main.o(.text) refers to mpu6050.o(.data) for gyro
    main.o(.text) refers to upstandingcar.o(.data) for gy0
    motor.o(.text) refers to stm32f10x_rcc.o(.text) for RCC_APB2PeriphClockCmd
    motor.o(.text) refers to stm32f10x_gpio.o(.text) for GPIO_Init
    motor.o(.text) refers to stm32f10x_tim.o(.text) for TIM_TimeBaseInit
    motor.o(.text) refers to misc.o(.text) for NVIC_PriorityGroupConfig
    mpu6050.o(.text) refers to inv_mpu.o(.text) for mpu_init
    mpu6050.o(.text) refers to usart.o(.text) for PrintChar
    mpu6050.o(.text) refers to inv_mpu_dmp_motion_driver.o(.text) for dmp_load_motion_driver_firmware
    mpu6050.o(.text) refers to stm32f10x_gpio.o(.text) for GPIO_ResetBits
    mpu6050.o(.text) refers to fflti.o(.text) for __aeabi_i2f
    mpu6050.o(.text) refers to fdiv.o(.text) for __aeabi_fdiv
    mpu6050.o(.text) refers to fmul.o(.text) for __aeabi_fmul
    mpu6050.o(.text) refers to fadd.o(.text) for __aeabi_fadd
    mpu6050.o(.text) refers to f2d.o(.text) for __aeabi_f2d
    mpu6050.o(.text) refers to asin.o(i.asin) for asin
    mpu6050.o(.text) refers to dmul.o(.text) for __aeabi_dmul
    mpu6050.o(.text) refers to d2f.o(.text) for __aeabi_d2f
    mpu6050.o(.text) refers to mpu6050.o(.data) for gyro_orientation
    mpu6050.o(.text) refers to mpu6050.o(.bss) for quat
    mpu6050.o(.text) refers to atan2.o(i.atan2) for atan2
    outputdata.o(.text) refers to ffixi.o(.text) for __aeabi_f2iz
    outputdata.o(.text) refers to usart.o(.text) for USART1_Send_Byte
    outputdata.o(.text) refers to outputdata.o(.bss) for OutData
    stm32f10x_it.o(.text) refers to upstandingcar.o(.text) for GetMotorPulse
    stm32f10x_it.o(.text) refers to ultrasonicwave.o(.text) for UltrasonicWave_StartMeasure
    stm32f10x_it.o(.text) refers to upstandingcar.o(.data) for BST_u8MainEventCount
    systick.o(.text) refers to system_stm32f10x.o(.data) for SystemCoreClock
    systick.o(.text) refers to systick.o(.data) for TimingDelay
    upstandingcar.o(.text) refers to f2d.o(.text) for __aeabi_f2d
    upstandingcar.o(.text) refers to cdcmple.o(.text) for __aeabi_cdcmpeq
[...]
    .conststring                             0x0800a988   Section       78  inv_mpu.o(.conststring)
    .data                                    0x20000000   Section       20  stm32f10x_rcc.o(.data)
    APBAHBPrescTable                         0x20000000   Data          16  stm32f10x_rcc.o(.data)
    ADCPrescTable                            0x20000010   Data           4  stm32f10x_rcc.o(.data)
    .data                                    0x20000014   Section       20  system_stm32f10x.o(.data)
    .data                                    0x20000028   Section       59  mpu6050.o(.data)
    gyro_orientation                         0x20000028   Data           9  mpu6050.o(.data)
    .data                                    0x20000064   Section        4  systick.o(.data)
    TimingDelay                              0x20000064   Data           4  systick.o(.data)
    .data                                    0x20000068   Section      424  upstandingcar.o(.data)
    .data                                    0x20000210   Section        4  ultrasonicwave.o(.data)
    .data                                    0x20000214   Section       44  inv_mpu.o(.data)
    st                                       0x20000214   Data          44  inv_mpu.o(.data)
    .data                                    0x20000240   Section        4  stdout.o(.data)
    .data                                    0x20000244   Section        4  errno.o(.data)
    _errno                                   0x20000244   Data           4  errno.o(.data)
    .bss                                     0x20000248   Section       16  mpu6050.o(.bss)
    .bss                                     0x20000258   Section      516  upstandingcar.o(.bss)
    .bss                                     0x2000045c   Section       16  inv_mpu_dmp_motion_driver.o(.bss)
    dmp                                      0x2000045c   Data          16  inv_mpu_dmp_motion_driver.o(.bss)
    STACK                                    0x20000470   Section     1024  startup_stm32f10x_md.o(STACK)

    Global Symbols

    Symbol Name                              Value     Ov Type        Size  Object(Section)

    BuildAttributes$$THM_ISAv4$P$D$K$B$S$PE$A:L22UL41UL21$X:L11$S22US41US21$IEEE1$IW$USESV6$~STKCKD$USESV7$~SHL$OTIME$ROPI$IEEEX$EBA8$MICROLIB$REQ8$PRES8$EABIv2 0x00000000   Number         0  anon$$obj.o ABSOLUTE
    __ARM_use_no_argv                        0x00000000   Number         0  main.o ABSOLUTE
    _printf_a                                0x00000000   Number         0  stubs.o ABSOLUTE
    _printf_c                                0x00000000   Number         0  stubs.o ABSOLUTE
    _printf_charcount                        0x00000000   Number         0  stubs.o ABSOLUTE
    _printf_d                                0x00000000   Number         0  stubs.o ABSOLUTE
    _printf_e                                0x00000000   Number         0  stubs.o ABSOLUTE
    _printf_f                                0x00000000   Number         0  stubs.o ABSOLUTE
    _printf_flags                            0x00000000   Number         0  stubs.o ABSOLUTE
    _printf_fp_dec                           0x00000000   Number         0  stubs.o ABSOLUTE
    _printf_fp_hex                           0x00000000   Number         0  stubs.o ABSOLUTE
    _printf_g                                0x00000000   Number         0  stubs.o ABSOLUTE
    _printf_i                                0x00000000   Number         0  stubs.o ABSOLUTE
    _printf_int_dec                          0x00000000   Number         0  stubs.o ABSOLUTE
    _printf_l                                0x00000000   Number         0  stubs.o ABSOLUTE
    _printf_lc                               0x00000000   Number         0  stubs.o ABSOLUTE
    _printf_ll                               0x00000000   Number         0  stubs.o ABSOLUTE
    _printf_lld                              0x00000000   Number         0  stubs.o ABSOLUTE
    _printf_lli                              0x00000000   Number         0  stubs.o ABSOLUTE
    _printf_llo                              0x00000000   Number         0  stubs.o ABSOLUTE
    _printf_llu                              0x00000000   Number         0  stubs.o ABSOLUTE
    _printf_llx                              0x00000000   Number         0  stubs.o ABSOLUTE
    _printf_longlong_dec                     0x00000000   Number         0  stubs.o ABSOLUTE
    _printf_longlong_hex                     0x00000000   Number         0  stubs.o ABSOLUTE
    _printf_longlong_oct                     0x00000000   Number         0  stubs.o ABSOLUTE
    _printf_ls                               0x00000000   Number         0  stubs.o ABSOLUTE
    _printf_mbtowc                           0x00000000   Number         0  stubs.o ABSOLUTE
    _printf_n                                0x00000000   Number         0  stubs.o ABSOLUTE
    _printf_o                                0x00000000   Number         0  stubs.o ABSOLUTE
    _printf_p                                0x00000000   Number         0  stubs.o ABSOLUTE
    _printf_percent                          0x00000000   Number         0  stubs.o ABSOLUTE
    _printf_pre_padding                      0x00000000   Number         0  stubs.o ABSOLUTE
    _printf_return_value                     0x00000000   Number         0  stubs.o ABSOLUTE
    _printf_s                                0x00000000   Number         0  stubs.o ABSOLUTE
    _printf_sizespec                         0x00000000   Number         0  stubs.o ABSOLUTE
    _printf_str                              0x00000000   Number         0  stubs.o ABSOLUTE
    _printf_truncate_signed                  0x00000000   Number         0  stubs.o ABSOLUTE
    _printf_truncate_unsigned                0x00000000   Number         0  stubs.o ABSOLUTE
    _printf_u                                0x00000000   Number         0  stubs.o ABSOLUTE
    _printf_wc                               0x00000000   Number         0  stubs.o ABSOLUTE
    _printf_wctomb                           0x00000000   Number         0  stubs.o ABSOLUTE
    _printf_widthprec                        0x00000000   Number         0  stubs.o ABSOLUTE
    _printf_x                                0x00000000   Number         0  stubs.o ABSOLUTE
    __arm_fini_                               - Undefined Weak Reference
    __cpp_initialize__aeabi_                  - Undefined Weak Reference
    __cxa_finalize                            - Undefined Weak Reference
    _clock_init                               - Undefined Weak Reference
    _microlib_exit                            - Undefined Weak Reference
    __Vectors_Size                           0x000000ec   Number         0  startup_stm32f10x_md.o ABSOLUTE
    __Vectors                                0x08000000   Data           4  startup_stm32f10x_md.o(RESET)
    __Vectors_End                            0x080000ec   Data           0  startup_stm32f10x_md.o(RESET)
    __main                                   0x080000ed   Thumb Code     0  entry.o(.ARM.Collect$$$$00000000)
    _main_stk                                0x080000ed   Thumb Code     0  entry2.o(.ARM.Collect$$$$00000001)
    _main_scatterload                        0x080000f1   Thumb Code     0  entry5.o(.ARM.Collect$$$$00000004)
    __main_after_scatterload                 0x080000f5   Thumb Code     0  entry5.o(.ARM.Collect$$$$00000004)
    _main_clock                              0x080000f5   Thumb Code     0  entry7b.o(.ARM.Collect$$$$00000008)
    _main_cpp_init                           0x080000f5   Thumb Code     0  entry8b.o(.ARM.Collect$$$$0000000A)
    _main_init                               0x080000f5   Thumb Code     0  entry9a.o(.ARM.Collect$$$$0000000B)
    __rt_lib_shutdown_fini                   0x080000fd   Thumb Code     0  entry12b.o(.ARM.Collect$$$$0000000E)
    __rt_final_cpp                           0x08000101   Thumb Code     0  entry10a.o(.ARM.Collect$$$$0000000F)
    __rt_final_exit                          0x08000101   Thumb Code     0  entry11a.o(.ARM.Collect$$$$00000011)
    NVIC_PriorityGroupConfig                 0x08000105   Thumb Code    10  misc.o(.text)
    NVIC_Init                                0x0800010f   Thumb Code   100  misc.o(.text)
    NVIC_SetVectorTable                      0x08000173   Thumb Code    14  misc.o(.text)
    NVIC_SystemLPConfig                      0x08000181   Thumb Code    34  misc.o(.text)
    SysTick_CLKSourceConfig                  0x080001a3   Thumb Code    40  misc.o(.text)
    EXTI_DeInit                              0x080001e1   Thumb Code    28  stm32f10x_exti.o(.text)
    EXTI_Init                                0x080001fd   Thumb Code   142  stm32f10x_exti.o(.text)
    EXTI_StructInit                          0x0800028b   Thumb Code    16  stm32f10x_exti.o(.text)
    EXTI_GenerateSWInterrupt                 0x0800029b   Thumb Code    16  stm32f10x_exti.o(.text)
    EXTI_GetFlagStatus                       0x080002ab   Thumb Code    22  stm32f10x_exti.o(.text)
    EXTI_ClearFlag                           0x080002c1   Thumb Code     8  stm32f10x_exti.o(.text)
    EXTI_GetITStatus                         0x080002c9   Thumb Code    34  stm32f10x_exti.o(.text)
    EXTI_ClearITPendingBit                   0x080002eb   Thumb Code     8  stm32f10x_exti.o(.text)
    GPIO_DeInit                              0x080002fd   Thumb Code   172  stm32f10x_gpio.o(.text)
    GPIO_AFIODeInit                          0x080003a9   Thumb Code    20  stm32f10x_gpio.o(.text)
    GPIO_Init                                0x080003bd   Thumb Code   278  stm32f10x_gpio.o(.text)
    GPIO_StructInit                          0x080004d3   Thumb Code    16  stm32f10x_gpio.o(.text)
    GPIO_ReadInputDataBit                    0x080004e3   Thumb Code    18  stm32f10x_gpio.o(.text)
    GPIO_ReadInputData                       0x080004f5   Thumb Code     8  stm32f10x_gpio.o(.text)
    GPIO_ReadOutputDataBit                   0x080004fd   Thumb Code    18  stm32f10x_gpio.o(.text)
    GPIO_ReadOutputData                      0x0800050f   Thumb Code     8  stm32f10x_gpio.o(.text)
    GPIO_SetBits                             0x08000517   Thumb Code     4  stm32f10x_gpio.o(.text)
    GPIO_ResetBits                           0x0800051b   Thumb Code     4  stm32f10x_gpio.o(.text)
    GPIO_WriteBit                            0x0800051f   Thumb Code    10  stm32f10x_gpio.o(.text)
    GPIO_Write                               0x08000529   Thumb Code     4  stm32f10x_gpio.o(.text)
    GPIO_PinLockConfig                       0x0800052d   Thumb Code    18  stm32f10x_gpio.o(.text)
    GPIO_EventOutputConfig                   0x0800053f   Thumb Code    26  stm32f10x_gpio.o(.text)
    GPIO_EventOutputCmd                      0x08000559   Thumb Code     6  stm32f10x_gpio.o(.text)
    GPIO_PinRemapConfig                      0x0800055f   Thumb Code   138  stm32f10x_gpio.o(.text)
    GPIO_EXTILineConfig                      0x080005e9   Thumb Code    66  stm32f10x_gpio.o(.text)
    GPIO_ETH_MediaInterfaceConfig            0x0800062b   Thumb Code     8  stm32f10x_gpio.o(.text)
    RCC_DeInit                               0x08000659   Thumb Code    64  stm32f10x_rcc.o(.text)
    RCC_HSEConfig                            0x08000699   Thumb Code    70  stm32f10x_rcc.o(.text)
    RCC_GetFlagStatus                        0x080006df   Thumb Code    56  stm32f10x_rcc.o(.text)
    RCC_WaitForHSEStartUp                    0x08000717   Thumb Code    56  stm32f10x_rcc.o(.text)
    RCC_AdjustHSICalibrationValue            0x0800074f   Thumb Code    20  stm32f10x_rcc.o(.text)
    RCC_HSICmd                               0x08000763   Thumb Code     6  stm32f10x_rcc.o(.text)
    RCC_PLLConfig                            0x08000769   Thumb Code    24  stm32f10x_rcc.o(.text)
    RCC_PLLCmd                               0x08000781   Thumb Code     6  stm32f10x_rcc.o(.text)
    RCC_SYSCLKConfig                         0x08000787   Thumb Code    18  stm32f10x_rcc.o(.text)
    RCC_GetSYSCLKSource                      0x08000799   Thumb Code    10  stm32f10x_rcc.o(.text)
    RCC_HCLKConfig                           0x080007a3   Thumb Code    18  stm32f10x_rcc.o(.text)
    RCC_PCLK1Config                          0x080007b5   Thumb Code    18  stm32f10x_rcc.o(.text)
    RCC_PCLK2Config                          0x080007c7   Thumb Code    20  stm32f10x_rcc.o(.text)
    RCC_ITConfig                             0x080007db   Thumb Code    26  stm32f10x_rcc.o(.text)
    RCC_USBCLKConfig                         0x080007f5   Thumb Code     8  stm32f10x_rcc.o(.text)
    RCC_ADCCLKConfig                         0x080007fd   Thumb Code    18  stm32f10x_rcc.o(.text)
    RCC_LSEConfig                            0x0800080f   Thumb Code    50  stm32f10x_rcc.o(.text)
    RCC_LSICmd                               0x08000841   Thumb Code     6  stm32f10x_rcc.o(.text)
    RCC_RTCCLKConfig                         0x08000847   Thumb Code    12  stm32f10x_rcc.o(.text)
    RCC_RTCCLKCmd                            0x08000853   Thumb Code     8  stm32f10x_rcc.o(.text)
    RCC_GetClocksFreq                        0x0800085b   Thumb Code   192  stm32f10x_rcc.o(.text)
    RCC_AHBPeriphClockCmd                    0x0800091b   Thumb Code    26  stm32f10x_rcc.o(.text)
    RCC_APB2PeriphClockCmd                   0x08000935   Thumb Code    26  stm32f10x_rcc.o(.text)
    RCC_APB1PeriphClockCmd                   0x0800094f   Thumb Code    26  stm32f10x_rcc.o(.text)
    RCC_APB2PeriphResetCmd                   0x08000969   Thumb Code    26  stm32f10x_rcc.o(.text)
    RCC_APB1PeriphResetCmd                   0x08000983   Thumb Code    26  stm32f10x_rcc.o(.text)
    RCC_BackupResetCmd                       0x0800099d   Thumb Code     8  stm32f10x_rcc.o(.text)
    RCC_ClockSecuritySystemCmd               0x080009a5   Thumb Code     6  stm32f10x_rcc.o(.text)
    RCC_MCOConfig                            0x080009ab   Thumb Code     6  stm32f10x_rcc.o(.text)
    RCC_ClearFlag                            0x080009b1   Thumb Code    14  stm32f10x_rcc.o(.text)
    RCC_GetITStatus                          0x080009bf   Thumb Code    20  stm32f10x_rcc.o(.text)
    RCC_ClearITPendingBit                    0x080009d3   Thumb Code     6  stm32f10x_rcc.o(.text)
    TIM_DeInit                               0x080009fd   Thumb Code   424  stm32f10x_tim.o(.text)
    TIM_TimeBaseInit                         0x08000ba5   Thumb Code   122  stm32f10x_tim.o(.text)
    TIM_OC1Init                              0x08000c1f   Thumb Code   132  stm32f10x_tim.o(.text)
    TIM_OC2Init                              0x08000ca3   Thumb Code   154  stm32f10x_tim.o(.text)
    TIM_OC3Init                              0x08000d3d   Thumb Code   150  stm32f10x_tim.o(.text)
    TIM_OC4Init                              0x08000dd3   Thumb Code   182  stm32f10x_tim.o(.text)
    TIM_SetIC4Prescaler                      0x08000e89   Thumb Code    26  stm32f10x_tim.o(.text)
    TIM_SetIC3Prescaler                      0x08000f25   Thumb Code    18  stm32f10x_tim.o(.text)
    TIM_SetIC2Prescaler                      0x08000fb1   Thumb Code    26  stm32f10x_tim.o(.text)
    TIM_SetIC1Prescaler                      0x0800104d   Thumb Code    18  stm32f10x_tim.o(.text)
    TIM_ICInit                               0x080010cb   Thumb Code   150  stm32f10x_tim.o(.text)
    TIM_PWMIConfig                           0x08001161   Thumb Code   124  stm32f10x_tim.o(.text)
    TIM_BDTRConfig                           0x080011dd   Thumb Code    32  stm32f10x_tim.o(.text)
    TIM_TimeBaseStructInit                   0x080011fd   Thumb Code    18  stm32f10x_tim.o(.text)
    TIM_OCStructInit                         0x0800120f   Thumb Code    20  stm32f10x_tim.o(.text)
    TIM_ICStructInit                         0x08001223   Thumb Code    18  stm32f10x_tim.o(.text)
    TIM_BDTRStructInit                       0x08001235   Thumb Code    40  stm32f10x_tim.o(.text)
    TIM_Cmd                                  0x0800125d   Thumb Code    24  stm32f10x_tim.o(.text)
    TIM_CtrlPWMOutputs                       0x08001275   Thumb Code    30  stm32f10x_tim.o(.text)
    TIM_ITConfig                             0x08001293   Thumb Code    18  stm32f10x_tim.o(.text)
    TIM_GenerateEvent                        0x080012a5   Thumb Code     4  stm32f10x_tim.o(.text)
    TIM_DMAConfig                            0x080012a9   Thumb Code    10  stm32f10x_tim.o(.text)
    TIM_DMACmd                               0x080012b3   Thumb Code    18  stm32f10x_tim.o(.text)
    TIM_InternalClockConfig                  0x080012c5   Thumb Code    12  stm32f10x_tim.o(.text)
    TIM_SelectInputTrigger                   0x080012d1   Thumb Code    18  stm32f10x_tim.o(.text)
    TIM_ITRxExternalClockConfig              0x080012e3   Thumb Code    24  stm32f10x_tim.o(.text)
    TIM_TIxExternalClockConfig               0x080012fb   Thumb Code    62  stm32f10x_tim.o(.text)
    TIM_ETRConfig                            0x08001339   Thumb Code    28  stm32f10x_tim.o(.text)
    TIM_ETRClockMode1Config                  0x08001355   Thumb Code    54  stm32f10x_tim.o(.text)
    TIM_ETRClockMode2Config                  0x0800138b   Thumb Code    32  stm32f10x_tim.o(.text)
    TIM_PrescalerConfig                      0x080013ab   Thumb Code     6  stm32f10x_tim.o(.text)
    TIM_CounterModeConfig                    0x080013b1   Thumb Code    18  stm32f10x_tim.o(.text)
    TIM_EncoderInterfaceConfig               0x080013c3   Thumb Code    66  stm32f10x_tim.o(.text)
    TIM_ForcedOC1Config                      0x08001405   Thumb Code    18  stm32f10x_tim.o(.text)
    TIM_ForcedOC2Config                      0x08001417   Thumb Code    26  stm32f10x_tim.o(.text)
    TIM_ForcedOC3Config                      0x08001431   Thumb Code    18  stm32f10x_tim.o(.text)
    TIM_ForcedOC4Config                      0x08001443   Thumb Code    26  stm32f10x_tim.o(.text)
    TIM_ARRPreloadConfig                     0x0800145d   Thumb Code    24  stm32f10x_tim.o(.text)
    TIM_SelectCOM                            0x08001475   Thumb Code    24  stm32f10x_tim.o(.text)
    TIM_SelectCCDMA                          0x0800148d   Thumb Code    24  stm32f10x_tim.o(.text)
    TIM_CCPreloadControl                     0x080014a5   Thumb Code    24  stm32f10x_tim.o(.text)
    TIM_OC1PreloadConfig                     0x080014bd   Thumb Code    18  stm32f10x_tim.o(.text)
    TIM_OC2PreloadConfig                     0x080014cf   Thumb Code    26  stm32f10x_tim.o(.text)
    TIM_OC3PreloadConfig                     0x080014e9   Thumb Code    18  stm32f10x_tim.o(.text)
    TIM_OC4PreloadConfig                     0x080014fb   Thumb Code    26  stm32f10x_tim.o(.text)
    TIM_OC1FastConfig                        0x08001515   Thumb Code    18  stm32f10x_tim.o(.text)
    TIM_OC2FastConfig                        0x08001527   Thumb Code    26  stm32f10x_tim.o(.text)
    TIM_OC3FastConfig                        0x08001541   Thumb Code    18  stm32f10x_tim.o(.text)
    TIM_OC4FastConfig                        0x08001553   Thumb Code    26  stm32f10x_tim.o(.text)
    TIM_ClearOC1Ref                          0x0800156d   Thumb Code    18  stm32f10x_tim.o(.text)
    TIM_ClearOC2Ref                          0x0800157f   Thumb Code    24  stm32f10x_tim.o(.text)
    TIM_ClearOC3Ref                          0x08001597   Thumb Code    18  stm32f10x_tim.o(.text)
    TIM_ClearOC4Ref                          0x080015a9   Thumb Code    24  stm32f10x_tim.o(.text)
    TIM_OC1PolarityConfig                    0x080015c1   Thumb Code    18  stm32f10x_tim.o(.text)
    TIM_OC1NPolarityConfig                   0x080015d3   Thumb Code    18  stm32f10x_tim.o(.text)
    TIM_OC2PolarityConfig                    0x080015e5   Thumb Code    26  stm32f10x_tim.o(.text)
    TIM_OC2NPolarityConfig                   0x080015ff   Thumb Code    26  stm32f10x_tim.o(.text)
    TIM_OC3PolarityConfig                    0x08001619   Thumb Code    26  stm32f10x_tim.o(.text)
    TIM_OC3NPolarityConfig                   0x08001633   Thumb Code    26  stm32f10x_tim.o(.text)
    TIM_OC4PolarityConfig                    0x0800164d   Thumb Code    26  stm32f10x_tim.o(.text)
    TIM_CCxCmd                               0x08001667   Thumb Code    30  stm32f10x_tim.o(.text)
    TIM_CCxNCmd                              0x08001685   Thumb Code    30  stm32f10x_tim.o(.text)
    TIM_SelectOCxM                           0x080016a3   Thumb Code    82  stm32f10x_tim.o(.text)
    TIM_UpdateDisableConfig                  0x080016f5   Thumb Code    24  stm32f10x_tim.o(.text)
    TIM_UpdateRequestConfig                  0x0800170d   Thumb Code    24  stm32f10x_tim.o(.text)
    TIM_SelectHallSensor                     0x08001725   Thumb Code    24  stm32f10x_tim.o(.text)
    TIM_SelectOnePulseMode                   0x0800173d   Thumb Code    18  stm32f10x_tim.o(.text)
    TIM_SelectOutputTrigger                  0x0800174f   Thumb Code    18  stm32f10x_tim.o(.text)
    TIM_SelectSlaveMode                      0x08001761   Thumb Code    18  stm32f10x_tim.o(.text)
    TIM_SelectMasterSlaveMode                0x08001773   Thumb Code    18  stm32f10x_tim.o(.text)
    TIM_SetCounter                           0x08001785   Thumb Code     4  stm32f10x_tim.o(.text)
    TIM_SetAutoreload                        0x08001789   Thumb Code     4  stm32f10x_tim.o(.text)
    TIM_SetCompare1                          0x0800178d   Thumb Code     4  stm32f10x_tim.o(.text)
    TIM_SetCompare2                          0x08001791   Thumb Code     4  stm32f10x_tim.o(.text)
    TIM_SetCompare3                          0x08001795   Thumb Code     4  stm32f10x_tim.o(.text)
    TIM_SetCompare4                          0x08001799   Thumb Code     6  stm32f10x_tim.o(.text)
    TIM_SetClockDivision                     0x0800179f   Thumb Code    18  stm32f10x_tim.o(.text)
    TIM_GetCapture1                          0x080017b1   Thumb Code     6  stm32f10x_tim.o(.text)
    TIM_GetCapture2                          0x080017b7   Thumb Code     6  stm32f10x_tim.o(.text)
    TIM_GetCapture3                          0x080017bd   Thumb Code     6  stm32f10x_tim.o(.text)
    TIM_GetCapture4                          0x080017c3   Thumb Code     8  stm32f10x_tim.o(.text)
    TIM_GetCounter                           0x080017cb   Thumb Code     6  stm32f10x_tim.o(.text)
    TIM_GetPrescaler                         0x080017d1   Thumb Code     6  stm32f10x_tim.o(.text)
    TIM_GetFlagStatus                        0x080017d7   Thumb Code    18  stm32f10x_tim.o(.text)
    TIM_ClearFlag                            0x080017e9   Thumb Code     6  stm32f10x_tim.o(.text)
    TIM_GetITStatus                          0x080017ef   Thumb Code    34  stm32f10x_tim.o(.text)
    TIM_ClearITPendingBit                    0x08001811   Thumb Code     6  stm32f10x_tim.o(.text)
    USART_DeInit                             0x08001819   Thumb Code   134  stm32f10x_usart.o(.text)
    USART_Init                               0x0800189f   Thumb Code   210  stm32f10x_usart.o(.text)
    USART_StructInit                         0x08001971   Thumb Code    24  stm32f10x_usart.o(.text)
    USART_ClockInit                          0x08001989   Thumb Code    34  stm32f10x_usart.o(.text)
    USART_ClockStructInit                    0x080019ab   Thumb Code    12  stm32f10x_usart.o(.text)
    USART_Cmd                                0x080019b7   Thumb Code    24  stm32f10x_usart.o(.text)
    USART_ITConfig                           0x080019cf   Thumb Code    74  stm32f10x_usart.o(.text)
    USART_DMACmd                             0x08001a19   Thumb Code    18  stm32f10x_usart.o(.text)
    USART_SetAddress                         0x08001a2b   Thumb Code    18  stm32f10x_usart.o(.text)
    USART_WakeUpConfig                       0x08001a3d   Thumb Code    18  stm32f10x_usart.o(.text)
    USART_ReceiverWakeUpCmd                  0x08001a4f   Thumb Code    24  stm32f10x_usart.o(.text)
    USART_LINBreakDetectLengthConfig         0x08001a67   Thumb Code    18  stm32f10x_usart.o(.text)
    USART_LINCmd                             0x08001a79   Thumb Code    24  stm32f10x_usart.o(.text)
    USART_SendData                           0x08001a91   Thumb Code     8  stm32f10x_usart.o(.text)
    USART_ReceiveData                        0x08001a99   Thumb Code    10  stm32f10x_usart.o(.text)
    USART_SendBreak                          0x08001aa3   Thumb Code    10  stm32f10x_usart.o(.text)
    USART_SetGuardTime                       0x08001aad   Thumb Code    16  stm32f10x_usart.o(.text)
    USART_SetPrescaler                       0x08001abd   Thumb Code    16  stm32f10x_usart.o(.text)
    USART_SmartCardCmd                       0x08001acd   Thumb Code    24  stm32f10x_usart.o(.text)
    USART_SmartCardNACKCmd                   0x08001ae5   Thumb Code    24  stm32f10x_usart.o(.text)
    USART_HalfDuplexCmd                      0x08001afd   Thumb Code    24  stm32f10x_usart.o(.text)
    USART_OverSampling8Cmd                   0x08001b15   Thumb Code    22  stm32f10x_usart.o(.text)
    USART_OneBitMethodCmd                    0x08001b2b   Thumb Code    24  stm32f10x_usart.o(.text)
    USART_IrDAConfig                         0x08001b43   Thumb Code    18  stm32f10x_usart.o(.text)
    USART_IrDACmd                            0x08001b55   Thumb Code    24  stm32f10x_usart.o(.text)
    USART_GetFlagStatus                      0x08001b6d   Thumb Code    26  stm32f10x_usart.o(.text)
    USART_ClearFlag                          0x08001b87   Thumb Code    18  stm32f10x_usart.o(.text)
    USART_GetITStatus                        0x08001b99   Thumb Code    84  stm32f10x_usart.o(.text)
    USART_ClearITPendingBit                  0x08001bed   Thumb Code    52  stm32f10x_usart.o(.text)
    ADC_DeInit                               0x08001c21   Thumb Code    78  stm32f10x_adc.o(.text)
    ADC_Init                                 0x08001c6f   Thumb Code    70  stm32f10x_adc.o(.text)
    ADC_StructInit                           0x08001cb5   Thumb Code    18  stm32f10x_adc.o(.text)
    ADC_Cmd                                  0x08001cc7   Thumb Code    22  stm32f10x_adc.o(.text)
    ADC_DMACmd                               0x08001cdd   Thumb Code    22  stm32f10x_adc.o(.text)
    ADC_ITConfig                             0x08001cf3   Thumb Code    24  stm32f10x_adc.o(.text)
    ADC_ResetCalibration                     0x08001d0b   Thumb Code    10  stm32f10x_adc.o(.text)
    ADC_GetResetCalibrationStatus            0x08001d15   Thumb Code    20  stm32f10x_adc.o(.text)
    ADC_StartCalibration                     0x08001d29   Thumb Code    10  stm32f10x_adc.o(.text)
    ADC_GetCalibrationStatus                 0x08001d33   Thumb Code    20  stm32f10x_adc.o(.text)
    ADC_SoftwareStartConvCmd                 0x08001d47   Thumb Code    22  stm32f10x_adc.o(.text)
    ADC_GetSoftwareStartConvStatus           0x08001d5d   Thumb Code    20  stm32f10x_adc.o(.text)
    ADC_DiscModeChannelCountConfig           0x08001d71   Thumb Code    24  stm32f10x_adc.o(.text)
    ADC_DiscModeCmd                          0x08001d89   Thumb Code    22  stm32f10x_adc.o(.text)
    ADC_RegularChannelConfig                 0x08001d9f   Thumb Code   184  stm32f10x_adc.o(.text)
    ADC_ExternalTrigConvCmd                  0x08001e57   Thumb Code    22  stm32f10x_adc.o(.text)
    ADC_GetConversionValue                   0x08001e6d   Thumb Code     8  stm32f10x_adc.o(.text)
    ADC_GetDualModeConversionValue           0x08001e75   Thumb Code     8  stm32f10x_adc.o(.text)
    ADC_AutoInjectedConvCmd                  0x08001e7d   Thumb Code    22  stm32f10x_adc.o(.text)
    ADC_InjectedDiscModeCmd                  0x08001e93   Thumb Code    22  stm32f10x_adc.o(.text)
    ADC_ExternalTrigInjectedConvConfig       0x08001ea9   Thumb Code    16  stm32f10x_adc.o(.text)
    ADC_ExternalTrigInjectedConvCmd          0x08001eb9   Thumb Code    22  stm32f10x_adc.o(.text)
    ADC_SoftwareStartInjectedConvCmd         0x08001ecf   Thumb Code    22  stm32f10x_adc.o(.text)
    ADC_GetSoftwareStartInjectedConvCmdStatus 0x08001ee5   Thumb Code    20  stm32f10x_adc.o(.text)
    ADC_InjectedChannelConfig                0x08001ef9   Thumb Code   130  stm32f10x_adc.o(.text)
    ADC_InjectedSequencerLengthConfig        0x08001f7b   Thumb Code    24  stm32f10x_adc.o(.text)
    ADC_SetInjectedOffset                    0x08001f93   Thumb Code    20  stm32f10x_adc.o(.text)
    ADC_GetInjectedConversionValue           0x08001fa7   Thumb Code    28  stm32f10x_adc.o(.text)
    ADC_AnalogWatchdogCmd                    0x08001fc3   Thumb Code    16  stm32f10x_adc.o(.text)
    ADC_AnalogWatchdogThresholdsConfig       0x08001fd3   Thumb Code     6  stm32f10x_adc.o(.text)
    ADC_AnalogWatchdogSingleChannelConfig    0x08001fd9   Thumb Code    16  stm32f10x_adc.o(.text)
    ADC_TempSensorVrefintCmd                 0x08001fe9   Thumb Code    64  stm32f10x_adc.o(.text)
    ADC_GetFlagStatus                        0x08002029   Thumb Code    18  stm32f10x_adc.o(.text)
    ADC_ClearFlag                            0x0800203b   Thumb Code     6  stm32f10x_adc.o(.text)
    ADC_GetITStatus                          0x08002041   Thumb Code    36  stm32f10x_adc.o(.text)
    ADC_ClearITPendingBit                    0x08002065   Thumb Code    10  stm32f10x_adc.o(.text)
    SystemInit                               0x0800214f   Thumb Code    78  system_stm32f10x.o(.text)
    SystemCoreClockUpdate                    0x0800219d   Thumb Code   142  system_stm32f10x.o(.text)
    delay_us                                 0x08002251   Thumb Code    26  delay.o(.text)
    delay_ms                                 0x0800226b   Thumb Code    24  delay.o(.text)
    get_ms                                   0x08002283   Thumb Code     2  delay.o(.text)
    i2cInit                                  0x0800249d   Thumb Code    42  i2c.o(.text)
    i2cWriteBuffer                           0x080024c7   Thumb Code   100  i2c.o(.text)
    i2cwrite                                 0x0800252b   Thumb Code    38  i2c.o(.text)
    i2cRead                                  0x08002551   Thumb Code   120  i2c.o(.text)
    i2cread                                  0x080025c9   Thumb Code    38  i2c.o(.text)
    i2cWrite                                 0x080025ef   Thumb Code    72  i2c.o(.text)
    i2cGetErrorCounter                       0x08002637   Thumb Code     4  i2c.o(.text)
    LED_GPIO_Config                          0x08002641   Thumb Code    58  led.o(.text)
    main                                     0x08002685   Thumb Code   196  main.o(.text)
    MOTOR_GPIO_Config                        0x08002765   Thumb Code    50  motor.o(.text)
    TIM2_PWM_CHANGE                          0x0800284b   Thumb Code    82  motor.o(.text)
    TIM2_PWM_Init                            0x0800289d   Thumb Code    12  motor.o(.text)
    TIM3_IRQHandler                          0x080028a9   Thumb Code    16  motor.o(.text)
    TIM4_IRQHandler                          0x080028b9   Thumb Code    16  motor.o(.text)
    TIM3_Encoder_Init                        0x080028c9   Thumb Code   210  motor.o(.text)
    TIM4_Encoder_Init                        0x0800299b   Thumb Code   210  motor.o(.text)
    TIM3_External_Clock_CountingMode         0x08002a6d   Thumb Code   162  motor.o(.text)
    TIM4_External_Clock_CountingMode         0x08002b0f   Thumb Code   174  motor.o(.text)
    MPU6050_Init                             0x08002bc1   Thumb Code   224  mpu6050.o(.text)
    MPU6050_Pose                             0x08002ca1   Thumb Code  1342  mpu6050.o(.text)
    NMI_Handler                              0x080031fd   Thumb Code     2  stm32f10x_it.o(.text)
    HardFault_Handler                        0x080031ff   Thumb Code     4  stm32f10x_it.o(.text)
    MemManage_Handler                        0x08003203   Thumb Code     4  stm32f10x_it.o(.text)
    BusFault_Handler                         0x08003207   Thumb Code     4  stm32f10x_it.o(.text)
    UsageFault_Handler                       0x0800320b   Thumb Code     4  stm32f10x_it.o(.text)
    SVC_Handler                              0x0800320f   Thumb Code     2  stm32f10x_it.o(.text)
    DebugMon_Handler                         0x08003211   Thumb Code     2  stm32f10x_it.o(.text)
    PendSV_Handler                           0x08003213   Thumb Code     2  stm32f10x_it.o(.text)
    SysTick_Handler                          0x08003215   Thumb Code   152  stm32f10x_it.o(.text)
    SysTick_Init                             0x080032d1   Thumb Code   106  systick.o(.text)
    Delay_us                                 0x0800333b   Thumb Code    36  systick.o(.text)
    TimingDelay_Decrement                    0x0800335f   Thumb Code    18  systick.o(.text)
    delay_nms                                0x08003381   Thumb Code    32  upstandingcar.o(.text)
    CarUpstandInit                           0x080033a1   Thumb Code    92  upstandingcar.o(.text)
    ResetPID                                 0x080033fd   Thumb Code   176  upstandingcar.o(.text)
    AngleControl                             0x080034ad   Thumb Code   258  upstandingcar.o(.text)
    SetMotorVoltageAndDirection              0x080035af   Thumb Code   316  upstandingcar.o(.text)
    MotorOutput                              0x080036eb   Thumb Code   462  upstandingcar.o(.text)
    GetMotorPulse                            0x080038b9   Thumb Code    90  upstandingcar.o(.text)
    SpeedControl                             0x08003913   Thumb Code   386  upstandingcar.o(.text)
    USART3_IRQHandler                        0x08003a95   Thumb Code   152  upstandingcar.o(.text)
    chaoshengbo                              0x08003b2d   Thumb Code   120  upstandingcar.o(.text)
    CalcUpData                               0x08003ba5   Thumb Code   908  upstandingcar.o(.text)
    SendAutoUp                               0x08003f31   Thumb Code    52  upstandingcar.o(.text)
    Send                                     0x08003f65   Thumb Code    14  upstandingcar.o(.text)
    StringFind                               0x08003f73   Thumb Code    74  upstandingcar.o(.text)
    CarStateOut                              0x08003fbd   Thumb Code   164  upstandingcar.o(.text)
    ProtocolGetPID                           0x08004061   Thumb Code   546  upstandingcar.o(.text)
    ProtocolCpyData                          0x08004283   Thumb Code    26  upstandingcar.o(.text)
    Protocol                                 0x0800429d   Thumb Code   640  upstandingcar.o(.text)
    TimeToChangeNextStatus                   0x0800451d   Thumb Code    34  upstandingcar.o(.text)
    UpdateCountNum                           0x0800453f   Thumb Code    18  upstandingcar.o(.text)
    SysTick_Handler_ForUpstandingCar         0x08004551   Thumb Code    64  upstandingcar.o(.text)
    ChangeCarToTurn                          0x08004591   Thumb Code    14  upstandingcar.o(.text)
    ChangeCarToStop                          0x0800459f   Thumb Code    12  upstandingcar.o(.text)
    ControlCarDoDemoYaw                      0x080045ab   Thumb Code    76  upstandingcar.o(.text)
    ControlCarDoDemoGetDiffAngle             0x080045f7   Thumb Code   280  upstandingcar.o(.text)
    ChangeCarToStraight                      0x0800470f   Thumb Code    14  upstandingcar.o(.text)
    ControlCarDoDemo1                        0x0800471d   Thumb Code   232  upstandingcar.o(.text)
    ControlCarDoDemo2                        0x08004805   Thumb Code   212  upstandingcar.o(.text)
    USART1_Config                            0x08004901   Thumb Code   114  usart.o(.text)
    NVIC_Configurationusart3                 0x08004973   Thumb Code    40  usart.o(.text)
    USART3_Config                            0x0800499b   Thumb Code   136  usart.o(.text)
    fputc                                    0x08004a23   Thumb Code    32  usart.o(.text)
    USART1_printf                            0x08004aa5   Thumb Code   262  usart.o(.text)
    USART1_Send_Byte                         0x08004bab   Thumb Code    28  usart.o(.text)
    USART3_Send_Byte                         0x08004bc7   Thumb Code    28  usart.o(.text)
    UART3_Send_Char                          0x08004be3   Thumb Code    24  usart.o(.text)
    PrintChar                                0x08004bfb   Thumb Code    24  usart.o(.text)
    Timerx_Init                              0x08004c25   Thumb Code    92  timer.o(.text)
    TIM1_UP_IRQHandler                       0x08004c81   Thumb Code    22  timer.o(.text)
    UltrasonicWave_Configuration             0x08004c9d   Thumb Code   130  ultrasonicwave.o(.text)
    EXTI1_IRQHandler                         0x08004d1f   Thumb Code    96  ultrasonicwave.o(.text)
    UltrasonicWave_StartMeasure              0x08004d7f   Thumb Code    26  ultrasonicwave.o(.text)
    Adc_Init                                 0x08004da9   Thumb Code   132  adc.o(.text)
    Get_Adc                                  0x08004e2d   Thumb Code    46  adc.o(.text)
    Reset_Handler                            0x08004e65   Thumb Code     8  startup_stm32f10x_md.o(.text)
    ADC1_2_IRQHandler                        0x08004e7f   Thumb Code     0  startup_stm32f10x_md.o(.text)
    CAN1_RX1_IRQHandler                      0x08004e7f   Thumb Code     0  startup_stm32f10x_md.o(.text)
    CAN1_SCE_IRQHandler                      0x08004e7f   Thumb Code     0  startup_stm32f10x_md.o(.text)
    DMA1_Channel1_IRQHandler                 0x08004e7f   Thumb Code     0  startup_stm32f10x_md.o(.text)
    DMA1_Channel2_IRQHandler                 0x08004e7f   Thumb Code     0  startup_stm32f10x_md.o(.text)
    DMA1_Channel3_IRQHandler                 0x08004e7f   Thumb Code     0  startup_stm32f10x_md.o(.text)
    DMA1_Channel4_IRQHandler                 0x08004e7f   Thumb Code     0  startup_stm32f10x_md.o(.text)
    DMA1_Channel5_IRQHandler                 0x08004e7f   Thumb Code     0  startup_stm32f10x_md.o(.text)
    DMA1_Channel6_IRQHandler                 0x08004e7f   Thumb Code     0  startup_stm32f10x_md.o(.text)
    DMA1_Channel7_IRQHandler                 0x08004e7f   Thumb Code     0  startup_stm32f10x_md.o(.text)
    EXTI0_IRQHandler                         0x08004e7f   Thumb Code     0  startup_stm32f10x_md.o(.text)
    EXTI15_10_IRQHandler                     0x08004e7f   Thumb Code     0  startup_stm32f10x_md.o(.text)
    EXTI2_IRQHandler                         0x08004e7f   Thumb Code     0  startup_stm32f10x_md.o(.text)
    EXTI3_IRQHandler                         0x08004e7f   Thumb Code     0  startup_stm32f10x_md.o(.text)
    EXTI4_IRQHandler                         0x08004e7f   Thumb Code     0  startup_stm32f10x_md.o(.text)
    EXTI9_5_IRQHandler                       0x08004e7f   Thumb Code     0  startup_stm32f10x_md.o(.text)
    FLASH_IRQHandler                         0x08004e7f   Thumb Code     0  startup_stm32f10x_md.o(.text)
    I2C1_ER_IRQHandler                       0x08004e7f   Thumb Code     0  startup_stm32f10x_md.o(.text)
    I2C1_EV_IRQHandler                       0x08004e7f   Thumb Code     0  startup_stm32f10x_md.o(.text)
    I2C2_ER_IRQHandler                       0x08004e7f   Thumb Code     0  startup_stm32f10x_md.o(.text)
    I2C2_EV_IRQHandler                       0x08004e7f   Thumb Code     0  startup_stm32f10x_md.o(.text)
    PVD_IRQHandler                           0x08004e7f   Thumb Code     0  startup_stm32f10x_md.o(.text)
    RCC_IRQHandler                           0x08004e7f   Thumb Code     0  startup_stm32f10x_md.o(.text)
    RTCAlarm_IRQHandler                      0x08004e7f   Thumb Code     0  startup_stm32f10x_md.o(.text)
    RTC_IRQHandler                           0x08004e7f   Thumb Code     0  startup_stm32f10x_md.o(.text)
    SPI1_IRQHandler                          0x08004e7f   Thumb Code     0  startup_stm32f10x_md.o(.text)
    SPI2_IRQHandler                          0x08004e7f   Thumb Code     0  startup_stm32f10x_md.o(.text)
    TAMPER_IRQHandler                        0x08004e7f   Thumb Code     0  startup_stm32f10x_md.o(.text)
    TIM1_BRK_IRQHandler                      0x08004e7f   Thumb Code     0  startup_stm32f10x_md.o(.text)
    TIM1_CC_IRQHandler                       0x08004e7f   Thumb Code     0  startup_stm32f10x_md.o(.text)
    TIM1_TRG_COM_IRQHandler                  0x08004e7f   Thumb Code     0  startup_stm32f10x_md.o(.text)
    TIM2_IRQHandler                          0x08004e7f   Thumb Code     0  startup_stm32f10x_md.o(.text)
    USART1_IRQHandler                        0x08004e7f   Thumb Code     0  startup_stm32f10x_md.o(.text)
    USART2_IRQHandler                        0x08004e7f   Thumb Code     0  startup_stm32f10x_md.o(.text)
    USBWakeUp_IRQHandler                     0x08004e7f   Thumb Code     0  startup_stm32f10x_md.o(.text)
    USB_HP_CAN1_TX_IRQHandler                0x08004e7f   Thumb Code     0  startup_stm32f10x_md.o(.text)
    USB_LP_CAN1_RX0_IRQHandler               0x08004e7f   Thumb Code     0  startup_stm32f10x_md.o(.text)
    WWDG_IRQHandler                          0x08004e7f   Thumb Code     0  startup_stm32f10x_md.o(.text)
    mpu_reg_dump                             0x08004f13   Thumb Code    72  inv_mpu.o(.text)
    mpu_read_reg                             0x08004f5b   Thumb Code    66  inv_mpu.o(.text)
    mpu_set_int_latched                      0x08004f9d   Thumb Code   102  inv_mpu.o(.text)
    mpu_set_sensors                          0x08005003   Thumb Code   202  inv_mpu.o(.text)
    mpu_set_bypass                           0x080050cd   Thumb Code   328  inv_mpu.o(.text)
    mpu_reset_fifo                           0x08005215   Thumb Code   456  inv_mpu.o(.text)
    mpu_configure_fifo                       0x080053dd   Thumb Code   106  inv_mpu.o(.text)
    mpu_set_lpf                              0x08005447   Thumb Code   126  inv_mpu.o(.text)
    mpu_lp_accel_mode                        0x080054c5   Thumb Code   218  inv_mpu.o(.text)
    mpu_set_sample_rate                      0x0800559f   Thumb Code   152  inv_mpu.o(.text)
    mpu_set_accel_fsr                        0x08005637   Thumb Code   132  inv_mpu.o(.text)
    mpu_set_gyro_fsr                         0x080056bb   Thumb Code   132  inv_mpu.o(.text)
    mpu_init                                 0x0800573f   Thumb Code   414  inv_mpu.o(.text)
    mpu_get_gyro_reg                         0x080058dd   Thumb Code   110  inv_mpu.o(.text)
    mpu_get_accel_reg                        0x0800594b   Thumb Code   110  inv_mpu.o(.text)
    mpu_get_temperature                      0x080059b9   Thumb Code   150  inv_mpu.o(.text)
    mpu_set_accel_bias                       0x08005a4f   Thumb Code   468  inv_mpu.o(.text)
    mpu_get_gyro_fsr                         0x08005c23   Thumb Code    64  inv_mpu.o(.text)
    mpu_get_accel_fsr                        0x08005c63   Thumb Code    72  inv_mpu.o(.text)
    mpu_get_lpf                              0x08005cab   Thumb Code    74  inv_mpu.o(.text)
    mpu_get_sample_rate                      0x08005cf5   Thumb Code    26  inv_mpu.o(.text)
    mpu_get_compass_sample_rate              0x08005d0f   Thumb Code    10  inv_mpu.o(.text)
    mpu_set_compass_sample_rate              0x08005d19   Thumb Code     8  inv_mpu.o(.text)
    mpu_get_gyro_sens                        0x08005d21   Thumb Code    58  inv_mpu.o(.text)
    mpu_get_accel_sens                       0x08005d5b   Thumb Code    78  inv_mpu.o(.text)
    mpu_get_fifo_config                      0x08005da9   Thumb Code    12  inv_mpu.o(.text)
    mpu_get_power_state                      0x08005db5   Thumb Code    22  inv_mpu.o(.text)
    mpu_get_int_status                       0x08005dcb   Thumb Code    64  inv_mpu.o(.text)
    mpu_read_fifo                            0x08005e0b   Thumb Code   520  inv_mpu.o(.text)
    mpu_read_fifo_stream                     0x08006013   Thumb Code   186  inv_mpu.o(.text)
    mpu_set_int_level                        0x080060cd   Thumb Code    12  inv_mpu.o(.text)
    mpu_set_dmp_state                        0x080067ab   Thumb Code   138  inv_mpu.o(.text)
    mpu_run_self_test                        0x08006835   Thumb Code   278  inv_mpu.o(.text)
    mpu_write_mem                            0x0800694b   Thumb Code   122  inv_mpu.o(.text)
    mpu_read_mem                             0x080069c5   Thumb Code   122  inv_mpu.o(.text)
    mpu_load_firmware                        0x08006a3f   Thumb Code   192  inv_mpu.o(.text)
    mpu_get_dmp_state                        0x08006aff   Thumb Code    14  inv_mpu.o(.text)
    mpu_get_compass_reg                      0x08006b0d   Thumb Code     8  inv_mpu.o(.text)
    mpu_get_compass_fsr                      0x08006b15   Thumb Code     8  inv_mpu.o(.text)
    mpu_lp_motion_interrupt                  0x08006b1d   Thumb Code   512  inv_mpu.o(.text)
    dmp_load_motion_driver_firmware          0x08006d21   Thumb Code    20  inv_mpu_dmp_motion_driver.o(.text)
    dmp_set_orientation                      0x08006d35   Thumb Code   290  inv_mpu_dmp_motion_driver.o(.text)
    dmp_set_gyro_bias                        0x08006e57   Thumb Code   294  inv_mpu_dmp_motion_driver.o(.text)
    dmp_set_accel_bias                       0x08006f7d   Thumb Code   300  inv_mpu_dmp_motion_driver.o(.text)
    dmp_set_fifo_rate                        0x080070a9   Thumb Code   136  inv_mpu_dmp_motion_driver.o(.text)
    dmp_get_fifo_rate                        0x08007131   Thumb Code    12  inv_mpu_dmp_motion_driver.o(.text)
    dmp_set_tap_thresh                       0x0800713d   Thumb Code   396  inv_mpu_dmp_motion_driver.o(.text)
    dmp_set_tap_axes                         0x080072c9   Thumb Code    70  inv_mpu_dmp_motion_driver.o(.text)
    dmp_set_tap_count                        0x0800730f   Thumb Code    38  inv_mpu_dmp_motion_driver.o(.text)
    dmp_set_tap_time                         0x08007335   Thumb Code    38  inv_mpu_dmp_motion_driver.o(.text)
    dmp_set_tap_time_multi                   0x0800735b   Thumb Code    38  inv_mpu_dmp_motion_driver.o(.text)
    dmp_set_shake_reject_thresh              0x08007381   Thumb Code    56  inv_mpu_dmp_motion_driver.o(.text)
    dmp_set_shake_reject_time                0x080073b9   Thumb Code    38  inv_mpu_dmp_motion_driver.o(.text)
    dmp_set_shake_reject_timeout             0x080073df   Thumb Code    38  inv_mpu_dmp_motion_driver.o(.text)
    dmp_get_pedometer_step_count             0x08007405   Thumb Code    66  inv_mpu_dmp_motion_driver.o(.text)
    dmp_set_pedometer_step_count             0x08007447   Thumb Code    42  inv_mpu_dmp_motion_driver.o(.text)
    dmp_get_pedometer_walk_time              0x08007471   Thumb Code    72  inv_mpu_dmp_motion_driver.o(.text)
    dmp_set_pedometer_walk_time              0x080074b9   Thumb Code    48  inv_mpu_dmp_motion_driver.o(.text)
    dmp_enable_6x_lp_quat                    0x080074e9   Thumb Code    84  inv_mpu_dmp_motion_driver.o(.text)
    dmp_enable_lp_quat                       0x0800753d   Thumb Code    60  inv_mpu_dmp_motion_driver.o(.text)
    dmp_enable_gyro_cal                      0x08007579   Thumb Code    62  inv_mpu_dmp_motion_driver.o(.text)
    dmp_enable_feature                       0x080075b7   Thumb Code   530  inv_mpu_dmp_motion_driver.o(.text)
    dmp_get_enabled_features                 0x080077c9   Thumb Code    12  inv_mpu_dmp_motion_driver.o(.text)
    dmp_set_interrupt_mode                   0x08007833   Thumb Code    66  inv_mpu_dmp_motion_driver.o(.text)
    dmp_read_fifo                            0x08007875   Thumb Code   514  inv_mpu_dmp_motion_driver.o(.text)
    dmp_register_tap_cb                      0x08007a77   Thumb Code    10  inv_mpu_dmp_motion_driver.o(.text)
    dmp_register_android_orient_cb           0x08007a81   Thumb Code    10  inv_mpu_dmp_motion_driver.o(.text)
    inv_orientation_matrix_to_scalar         0x08007ad9   Thumb Code    40  inv_mpu_dmp_motion_driver.o(.text)
    run_self_test                            0x08007b01   Thumb Code   156  inv_mpu_dmp_motion_driver.o(.text)
    __aeabi_ldivmod                          0x08007be9   Thumb Code    98  ldiv.o(.text)
    __aeabi_memcpy                           0x08007c4b   Thumb Code    36  memcpya.o(.text)
    __aeabi_memcpy4                          0x08007c4b   Thumb Code     0  memcpya.o(.text)
    __aeabi_memcpy8                          0x08007c4b   Thumb Code     0  memcpya.o(.text)
    __aeabi_memset                           0x08007c6f   Thumb Code    14  memseta.o(.text)
    __aeabi_memset4                          0x08007c6f   Thumb Code     0  memseta.o(.text)
    __aeabi_memset8                          0x08007c6f   Thumb Code     0  memseta.o(.text)
    __aeabi_memclr                           0x08007c7d   Thumb Code     4  memseta.o(.text)
    __aeabi_memclr4                          0x08007c7d   Thumb Code     0  memseta.o(.text)
    __aeabi_memclr8                          0x08007c7d   Thumb Code     0  memseta.o(.text)
    _memset$wrapper                          0x08007c81   Thumb Code    18  memseta.o(.text)
    strcat                                   0x08007c93   Thumb Code    24  strcat.o(.text)
    strlen                                   0x08007cab   Thumb Code    14  strlen.o(.text)
    memcmp                                   0x08007cb9   Thumb Code    26  memcmp.o(.text)
    __aeabi_fadd                             0x08007cd3   Thumb Code   164  fadd.o(.text)
    __aeabi_fsub                             0x08007d77   Thumb Code     6  fadd.o(.text)
    __aeabi_frsub                            0x08007d7d   Thumb Code     6  fadd.o(.text)
    __aeabi_fmul                             0x08007d83   Thumb Code   100  fmul.o(.text)
    __aeabi_fdiv                             0x08007de7   Thumb Code   124  fdiv.o(.text)
    __aeabi_dadd                             0x08007e63   Thumb Code   322  dadd.o(.text)
    __aeabi_dsub                             0x08007fa5   Thumb Code     6  dadd.o(.text)
    __aeabi_drsub                            0x08007fab   Thumb Code     6  dadd.o(.text)
    __aeabi_dmul                             0x08007fb1   Thumb Code   228  dmul.o(.text)
    __aeabi_ddiv                             0x08008095   Thumb Code   222  ddiv.o(.text)
    __aeabi_i2f                              0x08008173   Thumb Code    18  fflti.o(.text)
    __aeabi_ui2f                             0x08008185   Thumb Code    10  ffltui.o(.text)
    __aeabi_i2d                              0x0800818f   Thumb Code    34  dflti.o(.text)
    __aeabi_ui2d                             0x080081b1   Thumb Code    26  dfltui.o(.text)
    __aeabi_f2iz                             0x080081cb   Thumb Code    50  ffixi.o(.text)
    __aeabi_f2uiz                            0x080081fd   Thumb Code    40  ffixui.o(.text)
    __aeabi_f2d                              0x08008225   Thumb Code    38  f2d.o(.text)
    __aeabi_cdcmpeq                          0x0800824d   Thumb Code     0  cdcmple.o(.text)
    __aeabi_cdcmple                          0x0800824d   Thumb Code    48  cdcmple.o(.text)
    __aeabi_cdrcmple                         0x0800827d   Thumb Code    48  cdrcmple.o(.text)
    __aeabi_d2f                              0x080082ad   Thumb Code    56  d2f.o(.text)
    __aeabi_cfcmpeq                          0x080082e5   Thumb Code     0  cfcmple.o(.text)
    __aeabi_cfcmple                          0x080082e5   Thumb Code    20  cfcmple.o(.text)
    __aeabi_cfrcmple                         0x080082f9   Thumb Code    20  cfrcmple.o(.text)
    __aeabi_uidiv                            0x0800830d   Thumb Code     0  uidiv.o(.text)
    __aeabi_uidivmod                         0x0800830d   Thumb Code    44  uidiv.o(.text)
    __aeabi_uldivmod                         0x08008339   Thumb Code    98  uldiv.o(.text)
    __aeabi_llsl                             0x0800839b   Thumb Code    30  llshl.o(.text)
    _ll_shift_l                              0x0800839b   Thumb Code     0  llshl.o(.text)
    __aeabi_lasr                             0x080083b9   Thumb Code    36  llsshr.o(.text)
    _ll_sshift_r                             0x080083b9   Thumb Code     0  llsshr.o(.text)
    __strtod_int                             0x08008413   Thumb Code    90  strtod.o(.text)
    __I$use$fp                               0x08008479   Thumb Code     0  iusefp.o(.text)
    _float_round                             0x08008479   Thumb Code    18  fepilogue.o(.text)
    _float_epilogue                          0x0800848b   Thumb Code    92  fepilogue.o(.text)
    _double_round                            0x080084e7   Thumb Code    30  depilogue.o(.text)
    _double_epilogue                         0x08008505   Thumb Code   156  depilogue.o(.text)
    __ARM_scalbn                             0x080085a1   Thumb Code    46  dscalb.o(.text)
    scalbn                                   0x080085a1   Thumb Code     0  dscalb.o(.text)
    __aeabi_d2ulz                            0x080085cf   Thumb Code    48  dfixul.o(.text)
    __scatterload                            0x08008601   Thumb Code    28  init.o(.text)
    __scatterload_rt2                        0x08008601   Thumb Code     0  init.o(.text)
    __aeabi_llsr                             0x08008625   Thumb Code    32  llushr.o(.text)
    _ll_ushift_r                             0x08008625   Thumb Code     0  llushr.o(.text)
    isspace                                  0x08008645   Thumb Code    10  isspace_c.o(.text)
    _scanf_real                              0x08008779   Thumb Code     0  scanf_fp.o(.text)
    _scanf_really_real                       0x08008779   Thumb Code   556  scanf_fp.o(.text)
    _sgetc                                   0x080089b1   Thumb Code    30  _sgetc.o(.text)
    _sbackspace                              0x080089cf   Thumb Code    34  _sgetc.o(.text)
    _dsqrt                                   0x080089f1   Thumb Code   162  dsqrt.o(.text)
    __ctype_lookup                           0x08008a95   Thumb Code    34  ctype_c.o(.text)
    __aeabi_ul2d                             0x08008abd   Thumb Code    24  dfltul.o(.text)
    __decompress                             0x08008ad5   Thumb Code     0  __dczerorl2.o(.text)
    __decompress1                            0x08008ad5   Thumb Code    86  __dczerorl2.o(.text)
    __0printf                                0x08008b2d   Thumb Code    22  printfa.o(i.__0printf)
    __1printf                                0x08008b2d   Thumb Code     0  printfa.o(i.__0printf)
    __2printf                                0x08008b2d   Thumb Code     0  printfa.o(i.__0printf)
    __c89printf                              0x08008b2d   Thumb Code     0  printfa.o(i.__0printf)
    printf                                   0x08008b2d   Thumb Code     0  printfa.o(i.__0printf)
    __0sprintf                               0x08008b4d   Thumb Code    34  printfa.o(i.__0sprintf)
    __1sprintf                               0x08008b4d   Thumb Code     0  printfa.o(i.__0sprintf)
    __2sprintf                               0x08008b4d   Thumb Code     0  printfa.o(i.__0sprintf)
    __c89sprintf                             0x08008b4d   Thumb Code     0  printfa.o(i.__0sprintf)
    sprintf                                  0x08008b4d   Thumb Code     0  printfa.o(i.__0sprintf)
    __ARM_fpclassify                         0x08008b75   Thumb Code    40  fpclassify.o(i.__ARM_fpclassify)
    __kernel_poly                            0x08008b9d   Thumb Code   170  poly.o(i.__kernel_poly)
    __mathlib_dbl_infnan                     0x08008c47   Thumb Code     6  dunder.o(i.__mathlib_dbl_infnan)
    __mathlib_dbl_infnan2                    0x08008c4d   Thumb Code     4  dunder.o(i.__mathlib_dbl_infnan2)
    __mathlib_dbl_invalid                    0x08008c51   Thumb Code    12  dunder.o(i.__mathlib_dbl_invalid)
    __mathlib_dbl_underflow                  0x08008c5d   Thumb Code    10  dunder.o(i.__mathlib_dbl_underflow)
    __read_errno                             0x08008c6d   Thumb Code     6  errno.o(i.__read_errno)
    __scatterload_copy                       0x08008c79   Thumb Code    14  handlers.o(i.__scatterload_copy)
    __scatterload_null                       0x08008c87   Thumb Code     2  handlers.o(i.__scatterload_null)
    __scatterload_zeroinit                   0x08008c89   Thumb Code    14  handlers.o(i.__scatterload_zeroinit)
    __set_errno                              0x08008c99   Thumb Code     6  errno.o(i.__set_errno)
    _is_digit                                0x08008e29   Thumb Code    14  scanf_fp.o(i._is_digit)
    asin                                     0x08009549   Thumb Code   572  asin.o(i.asin)
    atan                                     0x080097b9   Thumb Code   474  atan.o(i.atan)
    atan2                                    0x080099d9   Thumb Code   374  atan2.o(i.atan2)
    atof                                     0x08009b75   Thumb Code    42  atof.o(i.atof)
    sqrt                                     0x08009b9f   Thumb Code    76  sqrt.o(i.sqrt)
    PID_Original                             0x08009bf0   Data          32  upstandingcar.o(.constdata)
    hw                                       0x08009c10   Data          12  inv_mpu.o(.constdata)
    reg                                      0x08009c1c   Data          27  inv_mpu.o(.constdata)
    test                                     0x08009c38   Data          40  inv_mpu.o(.constdata)
    __mathlib_zero                           0x0800a940   Data           8  qnan.o(.constdata)
    __ctype_categories                       0x0800a948   Data          64  ctype_c.o(.constdata)
    Region$$Table$$Base                      0x0800a9d8   Number         0  anon$$obj.o(Region$$Table)
    Region$$Table$$Limit                     0x0800a9f8   Number         0  anon$$obj.o(Region$$Table)
    SystemCoreClock                          0x20000014   Data           4  system_stm32f10x.o(.data)
    AHBPrescTable                            0x20000018   Data          16  system_stm32f10x.o(.data)
    q0                                       0x20000034   Data           4  mpu6050.o(.data)
    q1                                       0x20000038   Data           4  mpu6050.o(.data)
    q2                                       0x2000003c   Data           4  mpu6050.o(.data)
    q3                                       0x20000040   Data           4  mpu6050.o(.data)
    Pitch                                    0x20000044   Data           4  mpu6050.o(.data)
    Roll                                     0x20000048   Data           4  mpu6050.o(.data)
    Yaw                                      0x2000004c   Data           4  mpu6050.o(.data)
    sensor_timestamp                         0x20000050   Data           4  mpu6050.o(.data)
    gyro                                     0x20000054   Data           6  mpu6050.o(.data)
    accel                                    0x2000005a   Data           6  mpu6050.o(.data)
    sensors                                  0x20000060   Data           2  mpu6050.o(.data)
    more                                     0x20000062   Data           1  mpu6050.o(.data)
    newLineReceived                          0x20000068   Data           1  upstandingcar.o(.data)
    enCarState                               0x20000069   Data           1  upstandingcar.o(.data)
    g_newcarstate                            0x2000006c   Data           4  upstandingcar.o(.data)
    Direction                                0x20000070   Data           4  upstandingcar.o(.data)
    returntemp                               0x20000074   Data          33  upstandingcar.o(.data)
    piddisplay                               0x20000095   Data          50  upstandingcar.o(.data)
    BST_u8MainEventCount                     0x200000c7   Data           1  upstandingcar.o(.data)
    BST_u8SpeedControlCount                  0x200000c8   Data           1  upstandingcar.o(.data)
    BST_u8SpeedControlPeriod                 0x200000c9   Data           1  upstandingcar.o(.data)
    BST_u8DirectionControlPeriod             0x200000ca   Data           1  upstandingcar.o(.data)
    BST_u8DirectionControlCount              0x200000cb   Data           1  upstandingcar.o(.data)
    BST_u8trig                               0x200000cc   Data           1  upstandingcar.o(.data)
    BST_uart1flag                            0x200000cd   Data           1  upstandingcar.o(.data)
    ucBluetoothValue                         0x200000ce   Data           1  upstandingcar.o(.data)
    BST_speedtime                            0x200000d0   Data           4  upstandingcar.o(.data)
    Speedset                                 0x200000d4   Data           4  upstandingcar.o(.data)
    volt                                     0x200000d8   Data           4  upstandingcar.o(.data)
    BST_fSpeedControlOut                     0x200000dc   Data           4  upstandingcar.o(.data)
    BST_fSpeedControlOutOld                  0x200000e0   Data           4  upstandingcar.o(.data)
    BST_fSpeedControlOutNew                  0x200000e4   Data           4  upstandingcar.o(.data)
    BST_fAngleControlOut                     0x200000e8   Data           4  upstandingcar.o(.data)
    BST_fLeftMotorOut                        0x200000ec   Data           4  upstandingcar.o(.data)
    BST_fRightMotorOut                       0x200000f0   Data           4  upstandingcar.o(.data)
    BST_fCarAngle                            0x200000f4   Data           4  upstandingcar.o(.data)
    gyro_z                                   0x200000f8   Data           4  upstandingcar.o(.data)
    gyrx                                     0x200000fc   Data           4  upstandingcar.o(.data)
    gy0                                      0x20000100   Data           4  upstandingcar.o(.data)
    BST_fCarAngle_P                          0x20000104   Data           4  upstandingcar.o(.data)
    BST_fCarAngle_D                          0x20000108   Data           4  upstandingcar.o(.data)
    BST_fCarSpeed_P                          0x2000010c   Data           4  upstandingcar.o(.data)
    BST_fCarSpeed_I                          0x20000110   Data           4  upstandingcar.o(.data)
    iap                                      0x20000114   Data           4  upstandingcar.o(.data)
    BST_s16LeftMotorPulse                    0x20000118   Data           2  upstandingcar.o(.data)
    BST_s16RightMotorPulse                   0x2000011a   Data           2  upstandingcar.o(.data)
    BST_s32LeftMotorPulseOld                 0x2000011c   Data           4  upstandingcar.o(.data)
    BST_s32RightMotorPulseOld                0x20000120   Data           4  upstandingcar.o(.data)
    BST_s32LeftMotorPulseSigma               0x20000124   Data           4  upstandingcar.o(.data)
    BST_s32RightMotorPulseSigma              0x20000128   Data           4  upstandingcar.o(.data)
    BST_fCarSpeed                            0x2000012c   Data           4  upstandingcar.o(.data)
    BST_fCarSpeedOld                         0x20000130   Data           4  upstandingcar.o(.data)
    BST_fCarPosition                         0x20000134   Data           4  upstandingcar.o(.data)
    leftstop                                 0x20000138   Data           4  upstandingcar.o(.data)
    rightstop                                0x2000013c   Data           4  upstandingcar.o(.data)
    stopflag                                 0x20000140   Data           4  upstandingcar.o(.data)
    fchaoshengbo                             0x20000144   Data           4  upstandingcar.o(.data)
    juli                                     0x20000148   Data           4  upstandingcar.o(.data)
    BST_fBluetoothSpeed                      0x2000014c   Data           4  upstandingcar.o(.data)
    BST_fBluetoothDirectionNew               0x20000150   Data           4  upstandingcar.o(.data)
    BST_fBluetoothDirectionSL                0x20000154   Data           4  upstandingcar.o(.data)
    BST_fBluetoothDirectionSR                0x20000158   Data           4  upstandingcar.o(.data)
    chaoflag                                 0x2000015c   Data           4  upstandingcar.o(.data)
    x                                        0x20000160   Data           4  upstandingcar.o(.data)
    y1                                       0x20000164   Data           4  upstandingcar.o(.data)
    z1                                       0x20000168   Data           4  upstandingcar.o(.data)
    y2                                       0x2000016c   Data           4  upstandingcar.o(.data)
    z2                                       0x20000170   Data           4  upstandingcar.o(.data)
    flagbt                                   0x20000174   Data           4  upstandingcar.o(.data)
    g_autoup                                 0x20000178   Data           4  upstandingcar.o(.data)
    g_uptimes                                0x2000017c   Data           4  upstandingcar.o(.data)
    kp                                       0x20000180   Data           1  upstandingcar.o(.data)
    kd                                       0x20000181   Data           1  upstandingcar.o(.data)
    ksp                                      0x20000182   Data           1  upstandingcar.o(.data)
    ksi                                      0x20000183   Data           1  upstandingcar.o(.data)
    dac                                      0x20000184   Data           4  upstandingcar.o(.data)
    dgy                                      0x20000188   Data           4  upstandingcar.o(.data)
    BST_fBluetoothDirectionL                 0x2000018c   Data           4  upstandingcar.o(.data)
    BST_fBluetoothDirectionR                 0x20000190   Data           4  upstandingcar.o(.data)
    driectionxco                             0x20000194   Data           4  upstandingcar.o(.data)
    Tracing_Speed                            0x20000198   Data           4  upstandingcar.o(.data)
    Tracing_Direction                        0x2000019c   Data           4  upstandingcar.o(.data)
    Tracing_Count                            0x200001a0   Data           4  upstandingcar.o(.data)
    Tracing_CountPoor                        0x200001a4   Data           4  upstandingcar.o(.data)
    MPU6050_Zero                             0x200001a8   Data           4  upstandingcar.o(.data)
    SquareLastAngle                          0x200001ac   Data           4  upstandingcar.o(.data)
    Tracing_MPU6050Count                     0x200001b0   Data           4  upstandingcar.o(.data)
    SquareEnable                             0x200001b4   Data           1  upstandingcar.o(.data)
    SquareCountEnable                        0x200001b5   Data           1  upstandingcar.o(.data)
    SquareStraight                           0x200001b6   Data           1  upstandingcar.o(.data)
    SquareTurn                               0x200001b7   Data           1  upstandingcar.o(.data)
    SquareReadyToTurn                        0x200001b8   Data           1  upstandingcar.o(.data)
    SquareReadyToStraight                    0x200001b9   Data           1  upstandingcar.o(.data)
    Q_angle                                  0x200001bc   Data           4  upstandingcar.o(.data)
    Q_gyro                                   0x200001c0   Data           4  upstandingcar.o(.data)
    R_angle                                  0x200001c4   Data           4  upstandingcar.o(.data)
    dt                                       0x200001c8   Data           4  upstandingcar.o(.data)
    C_0                                      0x200001cc   Data           1  upstandingcar.o(.data)
    Q_bias                                   0x200001d0   Data           4  upstandingcar.o(.data)
    Angle_err                                0x200001d4   Data           4  upstandingcar.o(.data)
    PCt_0                                    0x200001d8   Data           4  upstandingcar.o(.data)
    PCt_1                                    0x200001dc   Data           4  upstandingcar.o(.data)
    E                                        0x200001e0   Data           4  upstandingcar.o(.data)
    K_0                                      0x200001e4   Data           4  upstandingcar.o(.data)
    K_1                                      0x200001e8   Data           4  upstandingcar.o(.data)
    t_0                                      0x200001ec   Data           4  upstandingcar.o(.data)
    t_1                                      0x200001f0   Data           4  upstandingcar.o(.data)
    PP                                       0x200001f4   Data          16  upstandingcar.o(.data)
    num                                      0x20000204   Data           4  upstandingcar.o(.data)
    startBit                                 0x20000208   Data           1  upstandingcar.o(.data)
    int9num                                  0x2000020c   Data           4  upstandingcar.o(.data)
    count                                    0x20000210   Data           4  ultrasonicwave.o(.data)
    __stdout                                 0x20000240   Data           4  stdout.o(.data)
    quat                                     0x20000248   Data          16  mpu6050.o(.bss)
    inputString                              0x20000258   Data          80  upstandingcar.o(.bss)
    ProtocolString                           0x200002a8   Data          80  upstandingcar.o(.bss)
    manydisplay                              0x200002f8   Data          80  upstandingcar.o(.bss)
    updata                                   0x20000348   Data          80  upstandingcar.o(.bss)
    alldata                                  0x20000398   Data          80  upstandingcar.o(.bss)
    charkp                                   0x200003e8   Data          10  upstandingcar.o(.bss)
    charkd                                   0x200003f2   Data          10  upstandingcar.o(.bss)
    charksp                                  0x200003fc   Data          10  upstandingcar.o(.bss)
    charksi                                  0x20000406   Data          10  upstandingcar.o(.bss)
    lspeed                                   0x20000410   Data          10  upstandingcar.o(.bss)
    rspeed                                   0x2000041a   Data          10  upstandingcar.o(.bss)
    daccel                                   0x20000424   Data          10  upstandingcar.o(.bss)
    dgyro                                    0x2000042e   Data          10  upstandingcar.o(.bss)
    csb                                      0x20000438   Data          10  upstandingcar.o(.bss)
    vi                                       0x20000442   Data          10  upstandingcar.o(.bss)
    Pdot                                     0x2000044c   Data          16  upstandingcar.o(.bss)
    __initial_sp                             0x20000870   Data           0  startup_stm32f10x_md.o(STACK)



==============================================================================

Memory Map of the image

  Image Entry point : 0x080000ed

  Load Region LR_IROM1 (Base: 0x08000000, Size: 0x0000ac40, Max: 0x00010000, ABSOLUTE, COMPRESSED[0x0000aa6c])

    Execution Region ER_IROM1 (Exec base: 0x08000000, Load base: 0x08000000, Size: 0x0000a9f8, Max: 0x00010000, ABSOLUTE)

    Exec Addr    Load Addr    Size         Type   Attr      Idx    E Section Name        Object

    0x08000000   0x08000000   0x000000ec   Data   RO          749    RESET               startup_stm32f10x_md.o
    0x080000ec   0x080000ec   0x00000000   Code   RO          833  * .ARM.Collect$$$$00000000  mc_w.l(entry.o)
    0x080000ec   0x080000ec   0x00000004   Code   RO         1184    .ARM.Collect$$$$00000001  mc_w.l(entry2.o)
    0x080000f0   0x080000f0   0x00000004   Code   RO         1187    .ARM.Collect$$$$00000004  mc_w.l(entry5.o)
    0x080000f4   0x080000f4   0x00000000   Code   RO         1189    .ARM.Collect$$$$00000008  mc_w.l(entry7b.o)
    0x080000f4   0x080000f4   0x00000000   Code   RO         1191    .ARM.Collect$$$$0000000A  mc_w.l(entry8b.o)
    0x080000f4   0x080000f4   0x00000008   Code   RO         1192    .ARM.Collect$$$$0000000B  mc_w.l(entry9a.o)
    0x080000fc   0x080000fc   0x00000004   Code   RO         1199    .ARM.Collect$$$$0000000E  mc_w.l(entry12b.o)
    0x08000100   0x08000100   0x00000000   Code   RO         1194    .ARM.Collect$$$$0000000F  mc_w.l(entry10a.o)
    0x08000100   0x08000100   0x00000000   Code   RO         1196    .ARM.Collect$$$$00000011  mc_w.l(entry11a.o)
    0x08000100   0x08000100   0x00000004   Code   RO         1185    .ARM.Collect$$$$00002712  mc_w.l(entry2.o)
    0x08000104   0x08000104   0x000000dc   Code   RO            1    .text               misc.o
    0x080001e0   0x080001e0   0x0000011c   Code   RO           65    .text               stm32f10x_exti.o
    0x080002fc   0x080002fc   0x0000035c   Code   RO           80    .text               stm32f10x_gpio.o
    0x08000658   0x08000658   0x000003a4   Code   RO          104    .text               stm32f10x_rcc.o
    0x080009fc   0x080009fc   0x00000e1a   Code   RO          118    .text               stm32f10x_tim.o
    0x08001816   0x08001816   0x00000002   PAD
    0x08001818   0x08001818   0x00000408   Code   RO          130    .text               stm32f10x_usart.o
    0x08001c20   0x08001c20   0x0000044e   Code   RO          142    .text               stm32f10x_adc.o
    0x0800206e   0x0800206e   0x00000002   PAD
    0x08002070   0x08002070   0x000001e0   Code   RO          378    .text               system_stm32f10x.o
    0x08002250   0x08002250   0x00000034   Code   RO          406    .text               delay.o
    0x08002284   0x08002284   0x000003bc   Code   RO          421    .text               i2c.o
    0x08002640   0x08002640   0x00000044   Code   RO          451    .text               led.o
    0x08002684   0x08002684   0x000000e0   Code   RO          466    .text               main.o
    0x08002764   0x08002764   0x0000045c   Code   RO          522    .text               motor.o
    0x08002bc0   0x08002bc0   0x0000063c   Code   RO          540    .text               mpu6050.o
    0x080031fc   0x080031fc   0x000000d4   Code   RO          596    .text               stm32f10x_it.o
    0x080032d0   0x080032d0   0x000000b0   Code   RO          615    .text               systick.o
    0x08003380   0x08003380   0x00001580   Code   RO          633    .text               upstandingcar.o
    0x08004900   0x08004900   0x00000324   Code   RO          679    .text               usart.o
    0x08004c24   0x08004c24   0x00000078   Code   RO          704    .text               timer.o
    0x08004c9c   0x08004c9c   0x0000010c   Code   RO          716    .text               ultrasonicwave.o
    0x08004da8   0x08004da8   0x000000bc   Code   RO          735    .text               adc.o
    0x08004e64   0x08004e64   0x00000024   Code   RO          750    .text               startup_stm32f10x_md.o
    0x08004e88   0x08004e88   0x00001e98   Code   RO          754    .text               inv_mpu.o
    0x08006d20   0x08006d20   0x00000ec8   Code   RO          787    .text               inv_mpu_dmp_motion_driver.o
    0x08007be8   0x08007be8   0x00000062   Code   RO          836    .text               mc_w.l(ldiv.o)
    0x08007c4a   0x08007c4a   0x00000024   Code   RO          838    .text               mc_w.l(memcpya.o)
    0x08007c6e   0x08007c6e   0x00000024   Code   RO          840    .text               mc_w.l(memseta.o)
    0x08007c92   0x08007c92   0x00000018   Code   RO          842    .text               mc_w.l(strcat.o)
    0x08007caa   0x08007caa   0x0000000e   Code   RO          844    .text               mc_w.l(strlen.o)
    0x08007cb8   0x08007cb8   0x0000001a   Code   RO          846    .text               mc_w.l(memcmp.o)
    0x08007cd2   0x08007cd2   0x000000b0   Code   RO         1111    .text               mf_w.l(fadd.o)
    0x08007d82   0x08007d82   0x00000064   Code   RO         1113    .text               mf_w.l(fmul.o)
    0x08007de6   0x08007de6   0x0000007c   Code   RO         1115    .text               mf_w.l(fdiv.o)
    0x08007e62   0x08007e62   0x0000014e   Code   RO         1117    .text               mf_w.l(dadd.o)
    0x08007fb0   0x08007fb0   0x000000e4   Code   RO         1119    .text               mf_w.l(dmul.o)
    0x08008094   0x08008094   0x000000de   Code   RO         1121    .text               mf_w.l(ddiv.o)
    0x08008172   0x08008172   0x00000012   Code   RO         1123    .text               mf_w.l(fflti.o)
    0x08008184   0x08008184   0x0000000a   Code   RO         1125    .text               mf_w.l(ffltui.o)
    0x0800818e   0x0800818e   0x00000022   Code   RO         1127    .text               mf_w.l(dflti.o)
    0x080081b0   0x080081b0   0x0000001a   Code   RO         1129    .text               mf_w.l(dfltui.o)
    0x080081ca   0x080081ca   0x00000032   Code   RO         1131    .text               mf_w.l(ffixi.o)
    0x080081fc   0x080081fc   0x00000028   Code   RO         1133    .text               mf_w.l(ffixui.o)
    0x08008224   0x08008224   0x00000026   Code   RO         1135    .text               mf_w.l(f2d.o)
    0x0800824a   0x0800824a   0x00000002   PAD
    0x0800824c   0x0800824c   0x00000030   Code   RO         1137    .text               mf_w.l(cdcmple.o)
    0x0800827c   0x0800827c   0x00000030   Code   RO         1139    .text               mf_w.l(cdrcmple.o)
    0x080082ac   0x080082ac   0x00000038   Code   RO         1141    .text               mf_w.l(d2f.o)
    0x080082e4   0x080082e4   0x00000014   Code   RO         1143    .text               mf_w.l(cfcmple.o)
    0x080082f8   0x080082f8   0x00000014   Code   RO         1145    .text               mf_w.l(cfrcmple.o)
    0x0800830c   0x0800830c   0x0000002c   Code   RO         1201    .text               mc_w.l(uidiv.o)
    0x08008338   0x08008338   0x00000062   Code   RO         1203    .text               mc_w.l(uldiv.o)
    0x0800839a   0x0800839a   0x0000001e   Code   RO         1205    .text               mc_w.l(llshl.o)
    0x080083b8   0x080083b8   0x00000024   Code   RO         1207    .text               mc_w.l(llsshr.o)
    0x080083dc   0x080083dc   0x0000009c   Code   RO         1216    .text               mc_w.l(strtod.o)
    0x08008478   0x08008478   0x00000000   Code   RO         1218    .text               mc_w.l(iusefp.o)
    0x08008478   0x08008478   0x0000006e   Code   RO         1219    .text               mf_w.l(fepilogue.o)
    0x080084e6   0x080084e6   0x000000ba   Code   RO         1221    .text               mf_w.l(depilogue.o)
    0x080085a0   0x080085a0   0x0000002e   Code   RO         1223    .text               mf_w.l(dscalb.o)
    0x080085ce   0x080085ce   0x00000030   Code   RO         1225    .text               mf_w.l(dfixul.o)
    0x080085fe   0x080085fe   0x00000002   PAD
    0x08008600   0x08008600   0x00000024   Code   RO         1227    .text               mc_w.l(init.o)
    0x08008624   0x08008624   0x00000020   Code   RO         1229    .text               mc_w.l(llushr.o)
    0x08008644   0x08008644   0x0000000a   Code   RO         1231    .text               mc_w.l(isspace_c.o)
    0x0800864e   0x0800864e   0x00000002   PAD
    0x08008650   0x08008650   0x00000360   Code   RO         1233    .text               mc_w.l(scanf_fp.o)
    0x080089b0   0x080089b0   0x00000040   Code   RO         1237    .text               mc_w.l(_sgetc.o)
    0x080089f0   0x080089f0   0x000000a2   Code   RO         1239    .text               mf_w.l(dsqrt.o)
    0x08008a92   0x08008a92   0x00000002   PAD
    0x08008a94   0x08008a94   0x00000028   Code   RO         1241    .text               mc_w.l(ctype_c.o)
    0x08008abc   0x08008abc   0x00000018   Code   RO         1244    .text               mf_w.l(dfltul.o)
    0x08008ad4   0x08008ad4   0x00000056   Code   RO         1254    .text               mc_w.l(__dczerorl2.o)
    0x08008b2a   0x08008b2a   0x00000002   PAD
    0x08008b2c   0x08008b2c   0x00000020   Code   RO         1083    i.__0printf         mc_w.l(printfa.o)
    0x08008b4c   0x08008b4c   0x00000028   Code   RO         1085    i.__0sprintf        mc_w.l(printfa.o)
    0x08008b74   0x08008b74   0x00000028   Code   RO         1171    i.__ARM_fpclassify  m_ws.l(fpclassify.o)
    0x08008b9c   0x08008b9c   0x000000aa   Code   RO         1173    i.__kernel_poly     m_ws.l(poly.o)
    0x08008c46   0x08008c46   0x00000006   Code   RO         1158    i.__mathlib_dbl_infnan  m_ws.l(dunder.o)
    0x08008c4c   0x08008c4c   0x00000004   Code   RO         1159    i.__mathlib_dbl_infnan2  m_ws.l(dunder.o)
    0x08008c50   0x08008c50   0x0000000c   Code   RO         1160    i.__mathlib_dbl_invalid  m_ws.l(dunder.o)
    0x08008c5c   0x08008c5c   0x00000010   Code   RO         1163    i.__mathlib_dbl_underflow  m_ws.l(dunder.o)
    0x08008c6c   0x08008c6c   0x0000000c   Code   RO         1210    i.__read_errno      mc_w.l(errno.o)
    0x08008c78   0x08008c78   0x0000000e   Code   RO         1248    i.__scatterload_copy  mc_w.l(handlers.o)
    0x08008c86   0x08008c86   0x00000002   Code   RO         1249    i.__scatterload_null  mc_w.l(handlers.o)
    0x08008c88   0x08008c88   0x0000000e   Code   RO         1250    i.__scatterload_zeroinit  mc_w.l(handlers.o)
    0x08008c96   0x08008c96   0x00000002   PAD
    0x08008c98   0x08008c98   0x0000000c   Code   RO         1211    i.__set_errno       mc_w.l(errno.o)
    0x08008ca4   0x08008ca4   0x00000184   Code   RO         1090    i._fp_digits        mc_w.l(printfa.o)
    0x08008e28   0x08008e28   0x0000000e   Code   RO         1235    i._is_digit         mc_w.l(scanf_fp.o)
    0x08008e36   0x08008e36   0x00000002   PAD
    0x08008e38   0x08008e38   0x000006b4   Code   RO         1091    i._printf_core      mc_w.l(printfa.o)
    0x080094ec   0x080094ec   0x00000024   Code   RO         1092    i._printf_post_padding  mc_w.l(printfa.o)
    0x08009510   0x08009510   0x0000002e   Code   RO         1093    i._printf_pre_padding  mc_w.l(printfa.o)
    0x0800953e   0x0800953e   0x0000000a   Code   RO         1095    i._sputc            mc_w.l(printfa.o)
    0x08009548   0x08009548   0x00000270   Code   RO          812    i.asin              m_ws.l(asin.o)
    0x080097b8   0x080097b8   0x00000220   Code   RO         1148    i.atan              m_ws.l(atan.o)
    0x080099d8   0x080099d8   0x0000019c   Code   RO          822    i.atan2             m_ws.l(atan2.o)
    0x08009b74   0x08009b74   0x0000002a   Code   RO          830    i.atof              m_ws.l(atof.o)
    0x08009b9e   0x08009b9e   0x0000004c   Code   RO         1177    i.sqrt              m_ws.l(sqrt.o)
    0x08009bea   0x08009bea   0x00000006   PAD
    0x08009bf0   0x08009bf0   0x00000020   Data   RO          635    .constdata          upstandingcar.o
    0x08009c10   0x08009c10   0x00000050   Data   RO          755    .constdata          inv_mpu.o
    0x08009c60   0x08009c60   0x00000bf6   Data   RO          789    .constdata          inv_mpu_dmp_motion_driver.o
    0x0800a856   0x0800a856   0x00000002   PAD
    0x0800a858   0x0800a858   0x00000050   Data   RO          813    .constdata          m_ws.l(asin.o)
    0x0800a8a8   0x0800a8a8   0x00000098   Data   RO         1149    .constdata          m_ws.l(atan.o)
    0x0800a940   0x0800a940   0x00000008   Data   RO         1175    .constdata          m_ws.l(qnan.o)
    0x0800a948   0x0800a948   0x00000040   Data   RO         1242    .constdata          mc_w.l(ctype_c.o)
    0x0800a988   0x0800a988   0x0000004e   Data   RO          756    .conststring        inv_mpu.o
    0x0800a9d6   0x0800a9d6   0x00000002   PAD
    0x0800a9d8   0x0800a9d8   0x00000020   Data   RO         1246    Region$$Table       anon$$obj.o


    Execution Region RW_IRAM1 (Exec base: 0x20000000, Load base: 0x0800a9f8, Size: 0x00000870, Max: 0x00005000, ABSOLUTE, COMPRESSED[0x00000074])

    Exec Addr    Load Addr    Size         Type   Attr      Idx    E Section Name        Object

    0x20000000   COMPRESSED   0x00000014   Data   RW          105    .data               stm32f10x_rcc.o
    0x20000014   COMPRESSED   0x00000014   Data   RW          379    .data               system_stm32f10x.o
    0x20000028   COMPRESSED   0x0000003b   Data   RW          542    .data               mpu6050.o
    0x20000063   COMPRESSED   0x00000001   PAD
    0x20000064   COMPRESSED   0x00000004   Data   RW          616    .data               systick.o
    0x20000068   COMPRESSED   0x000001a8   Data   RW          636    .data               upstandingcar.o
    0x20000210   COMPRESSED   0x00000004   Data   RW          717    .data               ultrasonicwave.o
    0x20000214   COMPRESSED   0x0000002c   Data   RW          757    .data               inv_mpu.o
    0x20000240   COMPRESSED   0x00000004   Data   RW         1200    .data               mc_w.l(stdout.o)
    0x20000244   COMPRESSED   0x00000004   Data   RW         1212    .data               mc_w.l(errno.o)
    0x20000248        -       0x00000010   Zero   RW          541    .bss                mpu6050.o
    0x20000258        -       0x00000204   Zero   RW          634    .bss                upstandingcar.o
    0x2000045c        -       0x00000010   Zero   RW          788    .bss                inv_mpu_dmp_motion_driver.o
    0x2000046c   COMPRESSED   0x00000004   PAD
    0x20000470        -       0x00000400   Zero   RW          747    STACK               startup_stm32f10x_md.o


==============================================================================

Image component sizes


      Code (inc. data)   RO Data    RW Data    ZI Data      Debug   Object Name

       188         10          0          0          0        747   adc.o
         0          0          0          0          0         32   core_cm3.o
        52          0          0          0          0        795   delay.o
       956          6          0          0          0       4334   i2c.o
      7832        174        158         44          0      21458   inv_mpu.o
      3784        196       3062          0         16      16186   inv_mpu_dmp_motion_driver.o
        68         10          0          0          0        466   led.o
       224         28          0          0          0        539   main.o
       220         22          0          0          0     252869   misc.o
      1116         22          0          0          0       3196   motor.o
      1596        804          0         59         16       1931   mpu6050.o
        36          8        236          0       1024        784   startup_stm32f10x_md.o
      1102         26          0          0          0      19933   stm32f10x_adc.o
       284         10          0          0          0       4287   stm32f10x_exti.o
       860         38          0          0          0       5629   stm32f10x_gpio.o
       212         36          0          0          0       1366   stm32f10x_it.o
       932         36          0         20          0       8776   stm32f10x_rcc.o
      3610         88          0          0          0      22736   stm32f10x_tim.o
      1032         22          0          0          0       8352   stm32f10x_usart.o
       480         38          0         20          0       1715   system_stm32f10x.o
       176         16          0          4          0      16469   systick.o
       120          6          0          0          0        737   timer.o
       268         16          0          4          0       1168   ultrasonicwave.o
      5504        920         32        424        516      13171   upstandingcar.o
       804         18          0          0          0       5235   usart.o

    ----------------------------------------------------------------------
     31460       2550       3524        576       1576     412911   Object Totals
         0          0         32          0          0          0   (incl. Generated)
         4          0          4          1          4          0   (incl. Padding)

    ----------------------------------------------------------------------

      Code (inc. data)   RO Data    RW Data    ZI Data      Debug   Library Member Name

       624         52         80          0          0        168   asin.o
       544         70        152          0          0        124   atan.o
       412         38          0          0          0        144   atan2.o
        42          0          0          0          0         84   atof.o
        38          6          0          0          0        272   dunder.o
        40          0          0          0          0         68   fpclassify.o
       170          0          0          0          0         96   poly.o
         0          0          8          0          0          0   qnan.o
        76          0          0          0          0         84   sqrt.o
        86          0          0          0          0          0   __dczerorl2.o
        64          0          0          0          0         84   _sgetc.o
        40          6         64          0          0         68   ctype_c.o
         0          0          0          0          0          0   entry.o
         0          0          0          0          0          0   entry10a.o
         0          0          0          0          0          0   entry11a.o
         4          0          0          0          0          0   entry12b.o
         8          4          0          0          0          0   entry2.o
         4          0          0          0          0          0   entry5.o
         0          0          0          0          0          0   entry7b.o
         0          0          0          0          0          0   entry8b.o
         8          4          0          0          0          0   entry9a.o
        24         12          0          4          0        136   errno.o
        30          0          0          0          0          0   handlers.o
        36          8          0          0          0         68   init.o
        10          0          0          0          0         68   isspace_c.o
         0          0          0          0          0          0   iusefp.o
        98          0          0          0          0         84   ldiv.o
        30          0          0          0          0         68   llshl.o
        36          0          0          0          0         68   llsshr.o
        32          0          0          0          0         68   llushr.o
        26          0          0          0          0         80   memcmp.o
        36          0          0          0          0         68   memcpya.o
        36          0          0          0          0        108   memseta.o
      2268         96          0          0          0        616   printfa.o
       878         12          0          0          0        216   scanf_fp.o
         0          0          0          4          0          0   stdout.o
        24          0          0          0          0         68   strcat.o
        14          0          0          0          0         68   strlen.o
       156         12          0          0          0        120   strtod.o
        44          0          0          0          0         80   uidiv.o
        98          0          0          0          0         92   uldiv.o
        48          0          0          0          0         68   cdcmple.o
        48          0          0          0          0         68   cdrcmple.o
        20          0          0          0          0         68   cfcmple.o
        20          0          0          0          0         68   cfrcmple.o
        56          0          0          0          0         88   d2f.o
       334          0          0          0          0        148   dadd.o
       222          0          0          0          0        100   ddiv.o
       186          0          0          0          0        176   depilogue.o
        48          0          0          0          0         68   dfixul.o
        34          0          0          0          0         76   dflti.o
        26          0          0          0          0         76   dfltui.o
        24          0          0          0          0         76   dfltul.o
       228          0          0          0          0         96   dmul.o
        46          0          0          0          0         80   dscalb.o
       162          0          0          0          0        100   dsqrt.o
        38          0          0          0          0         68   f2d.o
       176          0          0          0          0        140   fadd.o
       124          0          0          0          0         88   fdiv.o
       110          0          0          0          0        168   fepilogue.o
        50          0          0          0          0         68   ffixi.o
        40          0          0          0          0         68   ffixui.o
        18          0          0          0          0         68   fflti.o
        10          0          0          0          0         68   ffltui.o
       100          0          0          0          0         76   fmul.o

    ----------------------------------------------------------------------
      8224        320        304          8          0       5436   Library Totals
        20          0          0          0          0          0   (incl. Padding)

    ----------------------------------------------------------------------

      Code (inc. data)   RO Data    RW Data    ZI Data      Debug   Library Name

      1946        166        240          0          0       1040   m_ws.l
      4090        154         64          8          0       2228   mc_w.l
      2168          0          0          0          0       2168   mf_w.l

    ----------------------------------------------------------------------
      8224        320        304          8          0       5436   Library Totals

    ----------------------------------------------------------------------

==============================================================================


      Code (inc. data)   RO Data    RW Data    ZI Data      Debug   

     39684       2870       3828        584       1576     413275   Grand Totals
     39684       2870       3828        116       1576     413275   ELF Image Totals (compressed)
     39684       2870       3828        116          0          0   ROM Totals

==============================================================================

    Total RO  Size (Code + RO Data)                43512 (  42.49kB)
    Total RW  Size (RW Data + ZI Data)              2160 (   2.11kB)
    Total ROM Size (Code + RO Data + RW Data)      43628 (  42.61kB)

==============================================================================

